Check [WILDCARD]/testdata/test/async_test_timeout.ts
running 3 tests from [WILDCARD]/testdata/test/async_test_timeout.ts
test test 1 ... ok ([WILDCARD])
test test 2 ... FAILED ([WILDCARD])
test test 3 ... ok ([WILDCARD])

failures:

test 2
Error: Test took longer than the 5000ms timeout.
    at deno:runtime/js/40_testing.js:421:18
    at Object.action (deno:ext/timers/01_timers.js:161:11)
    at handleTimerMacrotask (deno:ext/timers/01_timers.js:78:12)

failures:

	test 2

test result: FAILED. 2 passed; 1 failed; 0 ignored; 0 measured; 0 filtered out ([WILDCARD])

error: Test failed
